{
    "fasta.gz - stub": {
        "content": [
            {
                "0": [
                    [
                        {
                            "id": "test"
                        },
                        "test.fasta.gz:md5,d41d8cd98f00b204e9800998ecf8427e"
                    ]
                ],
                "1": [
                    "versions.yml:md5,ac420fb44c91527db6f8db702ac321de"
                ],
                "fastx": [
                    [
                        {
                            "id": "test"
                        },
                        "test.fasta.gz:md5,d41d8cd98f00b204e9800998ecf8427e"
                    ]
                ],
                "versions": [
                    "versions.yml:md5,ac420fb44c91527db6f8db702ac321de"
                ]
            }
        ],
        "meta": {
            "nf-test": "0.8.4",
            "nextflow": "24.04.1"
        },
        "timestamp": "2024-07-24T08:08:57.910688485"
    },
    "fasta.gz": {
        "content": [
            {
                "0": [
                    [
                        {
                            "id": "test"
                        },
                        "test.fasta.gz:md5,483f4a5dfe60171c86ee9b7e6dff908b"
                    ]
                ],
                "1": [
                    "versions.yml:md5,ac420fb44c91527db6f8db702ac321de"
                ],
                "fastx": [
                    [
                        {
                            "id": "test"
                        },
                        "test.fasta.gz:md5,483f4a5dfe60171c86ee9b7e6dff908b"
                    ]
                ],
                "versions": [
                    "versions.yml:md5,ac420fb44c91527db6f8db702ac321de"
                ]
            }
        ],
        "meta": {
            "nf-test": "0.8.4",
            "nextflow": "24.04.1"
        },
        "timestamp": "2024-07-24T08:08:40.074388049"
    }
}