{
    "contigs.fasta.gz & coverage.tsv & viral_contigs & bam": {
        "content": [
            [
                [
                    {
                        "id": "test",
                        "assembler": "metaspades"
                    },
                    "test_COBRA_extended.fasta.gz:md5,68b329da9893e34099c7d8ad5cb9c940"
                ]
            ],
            [
                [
                    {
                        "id": "test",
                        "assembler": "metaspades"
                    },
                    "test_COBRA_joining_summary.txt:md5,d41d8cd98f00b204e9800998ecf8427e"
                ]
            ],
            [
                "versions.yml:md5,6830d6d3da149b4eebd6e66f2346ec92"
            ],
            "test_log"
        ],
        "meta": {
            "nf-test": "0.8.4",
            "nextflow": "24.04.1"
        },
        "timestamp": "2024-07-24T10:23:09.436497248"
    },
    "contigs.fasta.gz & coverage.tsv & viral_contigs & bam - stub": {
        "content": [
            {
                "0": [
                    [
                        {
                            "id": "test",
                            "assembler": "metaspades"
                        },
                        "test_COBRA_extended.fasta.gz:md5,68b329da9893e34099c7d8ad5cb9c940"
                    ]
                ],
                "1": [
                    [
                        {
                            "id": "test",
                            "assembler": "metaspades"
                        },
                        "test_COBRA_joining_summary.txt:md5,d41d8cd98f00b204e9800998ecf8427e"
                    ]
                ],
                "2": [
                    [
                        {
                            "id": "test",
                            "assembler": "metaspades"
                        },
                        "test_log:md5,d41d8cd98f00b204e9800998ecf8427e"
                    ]
                ],
                "3": [
                    "versions.yml:md5,6830d6d3da149b4eebd6e66f2346ec92"
                ],
                "fasta": [
                    [
                        {
                            "id": "test",
                            "assembler": "metaspades"
                        },
                        "test_COBRA_extended.fasta.gz:md5,68b329da9893e34099c7d8ad5cb9c940"
                    ]
                ],
                "joining_summary": [
                    [
                        {
                            "id": "test",
                            "assembler": "metaspades"
                        },
                        "test_COBRA_joining_summary.txt:md5,d41d8cd98f00b204e9800998ecf8427e"
                    ]
                ],
                "log": [
                    [
                        {
                            "id": "test",
                            "assembler": "metaspades"
                        },
                        "test_log:md5,d41d8cd98f00b204e9800998ecf8427e"
                    ]
                ],
                "versions": [
                    "versions.yml:md5,6830d6d3da149b4eebd6e66f2346ec92"
                ]
            }
        ],
        "meta": {
            "nf-test": "0.8.4",
            "nextflow": "24.04.1"
        },
        "timestamp": "2024-07-24T10:23:32.990113055"
    }
}