{
    "SRR13191702": {
        "content": [
            {
                "0": [
                    "SRR13191702.runinfo.tsv:md5,86ca7bdf5452889f99961e03e4ddf5b8"
                ],
                "1": [
                    "versions.yml:md5,1c14442e9b494b586eafe41e77300fae"
                ],
                "tsv": [
                    "SRR13191702.runinfo.tsv:md5,86ca7bdf5452889f99961e03e4ddf5b8"
                ],
                "versions": [
                    "versions.yml:md5,1c14442e9b494b586eafe41e77300fae"
                ]
            }
        ],
        "meta": {
            "nf-test": "0.8.4",
            "nextflow": "24.04.1"
        },
        "timestamp": "2024-07-22T10:42:16.307943246"
    },
    "SRR13191702 - stub": {
        "content": [
            {
                "0": [
                    "SRR13191702.runinfo.tsv:md5,d41d8cd98f00b204e9800998ecf8427e"
                ],
                "1": [
                    "versions.yml:md5,1c14442e9b494b586eafe41e77300fae"
                ],
                "tsv": [
                    "SRR13191702.runinfo.tsv:md5,d41d8cd98f00b204e9800998ecf8427e"
                ],
                "versions": [
                    "versions.yml:md5,1c14442e9b494b586eafe41e77300fae"
                ]
            }
        ],
        "meta": {
            "nf-test": "0.8.4",
            "nextflow": "24.04.1"
        },
        "timestamp": "2024-07-22T10:42:22.864623928"
    }
}