{
    "fasta.gz - stub": {
        "content": [
            [
                "versions.yml:md5,17692db4ae585b447fe2897babeec56b"
            ]
        ],
        "meta": {
            "nf-test": "0.8.4",
            "nextflow": "24.04.1"
        },
        "timestamp": "2024-07-24T09:43:03.994791332"
    },
    "fasta.gz": {
        "content": [
            {
                "0": [
                    [
                        {
                            "id": "test",
                            "assembler": "megahit_single"
                        },
                        "test_megahit_single_virus_summary.tsv:md5,923b36db276dfee18ac1f1b57cae617e"
                    ]
                ],
                "1": [
                    [
                        {
                            "id": "test",
                            "assembler": "megahit_single"
                        },
                        "test_megahit_single_virus.fna.gz:md5,483f4a5dfe60171c86ee9b7e6dff908b"
                    ]
                ],
                "2": [
                    [
                        {
                            "id": "test",
                            "assembler": "megahit_single"
                        },
                        "test_megahit_single_aggregated_classification.tsv:md5,702aead49cca96c98e43c5f032f60b26"
                    ]
                ],
                "3": [
                    [
                        {
                            "id": "test",
                            "assembler": "megahit_single"
                        },
                        "test_megahit_single_taxonomy.tsv:md5,44c6cf5ff4c836f66648457ae8deb0d5"
                    ]
                ],
                "4": [
                    [
                        {
                            "id": "test",
                            "assembler": "megahit_single"
                        },
                        "test_megahit_single_genes.tsv:md5,f84d8a9fce3c92c49e78672bea16561f"
                    ]
                ],
                "5": [
                    "versions.yml:md5,17692db4ae585b447fe2897babeec56b"
                ],
                "agg_class": [
                    [
                        {
                            "id": "test",
                            "assembler": "megahit_single"
                        },
                        "test_megahit_single_aggregated_classification.tsv:md5,702aead49cca96c98e43c5f032f60b26"
                    ]
                ],
                "genes": [
                    [
                        {
                            "id": "test",
                            "assembler": "megahit_single"
                        },
                        "test_megahit_single_genes.tsv:md5,f84d8a9fce3c92c49e78672bea16561f"
                    ]
                ],
                "taxonomy": [
                    [
                        {
                            "id": "test",
                            "assembler": "megahit_single"
                        },
                        "test_megahit_single_taxonomy.tsv:md5,44c6cf5ff4c836f66648457ae8deb0d5"
                    ]
                ],
                "versions": [
                    "versions.yml:md5,17692db4ae585b447fe2897babeec56b"
                ],
                "virus_fasta": [
                    [
                        {
                            "id": "test",
                            "assembler": "megahit_single"
                        },
                        "test_megahit_single_virus.fna.gz:md5,483f4a5dfe60171c86ee9b7e6dff908b"
                    ]
                ],
                "virus_summary": [
                    [
                        {
                            "id": "test",
                            "assembler": "megahit_single"
                        },
                        "test_megahit_single_virus_summary.tsv:md5,923b36db276dfee18ac1f1b57cae617e"
                    ]
                ]
            }
        ],
        "meta": {
            "nf-test": "0.8.4",
            "nextflow": "24.04.1"
        },
        "timestamp": "2024-07-24T09:42:30.581537613"
    }
}